../src/hw/driver/cli.c:574:6:cliToUpper	8	static
../src/hw/driver/cli.c:633:7:cliArgsGetStr	0	static
../src/hw/driver/cli.c:649:6:cliArgsIsStr	8	static
../src/hw/driver/cli.c:617:7:cliArgsGetFloat	0	static
../src/hw/driver/cli.c:601:9:cliArgsGetData	0	static
../src/hw/driver/cli.c:460:6:cliLineChange.constprop	16	static
../src/hw/driver/cli.c:137:6:cliOpen	8	static
../src/hw/driver/cli.c:147:6:cliOpenLog	8	static
../src/hw/driver/cli.c:163:6:cliLogClose	0	static
../src/hw/driver/cli.c:169:6:cliShowLog	24	static
../src/hw/driver/cli.c:210:10:cliAvailable	0	static
../src/hw/driver/cli.c:215:9:cliRead	0	static
../src/hw/driver/cli.c:220:10:cliWrite	0	static
../src/hw/driver/cli.c:560:6:cliPrintf	24	static
../src/hw/driver/cli.c:706:6:cliShowList	24	static
../src/hw/driver/cli.c:723:6:cliMemoryDump	56	static
../src/hw/driver/cli.c:195:6:cliMain	48	static
../src/hw/driver/cli.c:668:6:cliKeepLoop	8	static
../src/hw/driver/cli.c:683:6:cliAdd	16	static
../src/hw/driver/cli.c:112:6:cliInit	8	static
