../src/hw/driver/lcd.c:169:18:lcdDrawPixelBuffer	0	static
../src/hw/driver/lcd.c:72:6:lcdTransferDoneISR	16	static
../src/hw/driver/lcd.c:111:9:lcdGetBackLight	0	static
../src/hw/driver/lcd.c:116:6:lcdSetBackLight	0	static
../src/hw/driver/lcd.c:85:6:lcdInit	8	static
../src/hw/driver/lcd.c:95:6:lcdDeInit	8	static
../src/hw/driver/lcd.c:135:10:lcdGetDrawTime	0	static
../src/hw/driver/lcd.c:140:6:lcdIsInit	0	static
../src/hw/driver/lcd.c:145:6:lcdReset	0	static
../src/hw/driver/lcd.c:149:22:lcdReadPixel	0	static
../src/hw/driver/lcd.c:154:18:lcdDrawPixel	0	static
../src/hw/driver/lcd.c:531:6:lcdDrawLineBuffer	56	static
../src/hw/driver/lcd.c:159:18:lcdDrawPixelMix	16	static
../src/hw/driver/lcd.c:174:18:lcdClear	16	static
../src/hw/driver/lcd.c:181:18:lcdClearBuffer	16	static
../src/hw/driver/lcd.c:195:6:lcdFillBuffer	12	static
../src/hw/driver/lcd.c:221:6:lcdSetDoubleBuffer	0	static
../src/hw/driver/lcd.c:226:6:lcdGetDoubleBuffer	0	static
../src/hw/driver/lcd.c:262:18:lcdDrawCircleHelper	56	static
../src/hw/driver/lcd.c:406:10:lcdGetFps	0	static
../src/hw/driver/lcd.c:411:10:lcdGetFpsTime	0	static
../src/hw/driver/lcd.c:416:6:lcdDrawAvailable	0	static
../src/hw/driver/lcd.c:421:6:lcdRequestDraw	8	static
../src/hw/driver/lcd.c:428:6:lcdUpdateDraw	8	static
../src/hw/driver/lcd.c:437:6:lcdSetWindow	0	static
../src/hw/driver/lcd.c:442:6:lcdSwapFrameBuffer	0	static
../src/hw/driver/lcd.c:447:11:lcdGetFrameBuffer	0	static
../src/hw/driver/lcd.c:452:11:lcdGetCurrentFrameBuffer	0	static
../src/hw/driver/lcd.c:457:6:lcdDisplayOff	0	static
../src/hw/driver/lcd.c:461:6:lcdDisplayOn	0	static
../src/hw/driver/lcd.c:466:9:lcdGetWidth	0	static
../src/hw/driver/lcd.c:471:9:lcdGetHeight	0	static
../src/hw/driver/lcd.c:477:6:lcdDrawLine	48	static
../src/hw/driver/lcd.c:363:18:lcdDrawTriangle	40	static
../src/hw/driver/lcd.c:370:18:lcdDrawFillTriangle	72	dynamic
../src/hw/driver/lcd.c:231:18:lcdDrawFillCircle	64	static
../src/hw/driver/lcd.c:303:18:lcdDrawRoundRect	80	static
../src/hw/driver/lcd.c:318:18:lcdDrawFillCircleHelper	72	static
../src/hw/driver/lcd.c:353:18:lcdDrawFillRoundRect	64	static
../src/hw/driver/lcd.c:599:6:lcdDrawVLine	16	static
../src/hw/driver/lcd.c:604:6:lcdDrawHLine	16	static
../src/hw/driver/lcd.c:609:6:lcdDrawFillRect	24	static
../src/hw/driver/lcd.c:617:6:lcdDrawRect	32	static
../src/hw/driver/lcd.c:625:6:lcdDrawFillScreen	16	static
../src/hw/driver/lcd.c:907:6:lcdSetResizeMode	0	static
../src/hw/driver/lcd.c:912:10:lcdGetStrWidth	320	static
../src/hw/driver/lcd.c:943:6:disHanFont	64	static
../src/hw/driver/lcd.c:630:6:lcdPrintf	332	static
../src/hw/driver/lcd.c:975:6:disHanFontBuffer	64	static
../src/hw/driver/lcd.c:673:6:lcdPrintfResize	408	static
../src/hw/driver/lcd.c:774:6:lcdPrintfRect	416	static
