../src/hw/driver/ltdc.c:168:6:ltdcSetAlpha	0	static
../src/hw/driver/ltdc.c:174:6:ltdcLayerInit	64	static
../src/hw/driver/ltdc.c:72:6:ltdcInit	32	static
../src/hw/driver/ltdc.c:240:6:ltdcSetFrameBuffer	0	static
../src/hw/driver/ltdc.c:249:9:ltdcWidth	0	static
../src/hw/driver/ltdc.c:254:9:ltdcHeight	0	static
../src/hw/driver/ltdc.c:259:10:ltdcGetBufferAddr	0	static
../src/hw/driver/ltdc.c:264:6:ltdcDrawAvailable	0	static
../src/hw/driver/ltdc.c:269:6:ltdcRequestDraw	0	static
../src/hw/driver/ltdc.c:274:6:ltdcSetDoubleBuffer	0	static
../src/hw/driver/ltdc.c:290:6:ltdcGetDoubleBuffer	0	static
../src/hw/driver/ltdc.c:295:11:ltdcGetFrameBuffer	0	static
../src/hw/driver/ltdc.c:300:11:ltdcGetCurrentFrameBuffer	0	static
../src/hw/driver/ltdc.c:307:6:ltdcSwapFrameBuffer	4	static
../src/hw/driver/ltdc.c:349:6:LTDC_IRQHandler	0	static
../src/hw/driver/ltdc.c:355:6:HAL_LTDC_LineEventCallback	16	static
../src/hw/driver/ltdc.c:382:6:HAL_LTDC_MspInit	72	static
../src/hw/driver/ltdc.c:474:6:HAL_LTDC_MspDeInit	8	static
