../src/hw/driver/qspi.c:813:16:QSPI_WriteEnable.constprop	88	static
../src/hw/driver/qspi.c:859:16:QSPI_AutoPollingMemReady.constprop	88	static
../src/hw/driver/qspi.c:770:16:QSPI_ResetMemory.constprop	64	static
../src/hw/driver/qspi.c:120:6:qspiIsInit	0	static
../src/hw/driver/qspi.c:256:6:qspiGetInfo	0	static
../src/hw/driver/qspi.c:288:10:qspiGetAddr	0	static
../src/hw/driver/qspi.c:293:10:qspiGetLength	0	static
../src/hw/driver/qspi.c:359:9:BSP_QSPI_Reset	8	static
../src/hw/driver/qspi.c:103:6:qspiReset	8	static
../src/hw/driver/qspi.c:369:9:BSP_QSPI_Config	80	static
../src/hw/driver/qspi.c:315:9:BSP_QSPI_Init	16	static,ignoring_inline_asm
../src/hw/driver/qspi.c:396:9:BSP_QSPI_DeInit	8	static
../src/hw/driver/qspi.c:416:9:BSP_QSPI_Read	72	static
../src/hw/driver/qspi.c:125:6:qspiRead	8	static
../src/hw/driver/qspi.c:467:9:BSP_QSPI_Write	80	static
../src/hw/driver/qspi.c:146:6:qspiWrite	8	static
../src/hw/driver/qspi.c:541:9:BSP_QSPI_Erase_Block	64	static
../src/hw/driver/qspi.c:167:6:qspiEraseBlock	8	static
../src/hw/driver/qspi.c:183:6:qspiErase	16	static
../src/hw/driver/qspi.c:583:9:BSP_QSPI_Erase_Chip	64	static
../src/hw/driver/qspi.c:224:6:qspiEraseChip	8	static
../src/hw/driver/qspi.c:623:9:BSP_QSPI_GetStatus	72	static
../src/hw/driver/qspi.c:240:6:qspiGetStatus	8	static
../src/hw/driver/qspi.c:671:9:BSP_QSPI_GetID	64	static
../src/hw/driver/qspi.c:61:6:qspiInit	48	static
../src/hw/driver/qspi.c:708:9:BSP_QSPI_GetInfo	0	static
../src/hw/driver/qspi.c:724:9:BSP_QSPI_EnableMemoryMappedMode	72	static
../src/hw/driver/qspi.c:272:6:qspiEnableMemoryMappedMode	8	static
../src/hw/driver/qspi.c:975:6:HAL_QSPI_MspInit	56	static
../src/hw/driver/qspi.c:1024:6:HAL_QSPI_MspDeInit	8	static
