../src/hw/driver/sd.c:83:6:sdReInit	8	static
../src/hw/driver/sd.c:97:6:sdDeInit	8	static
../src/hw/driver/sd.c:116:6:sdIsInit	0	static
../src/hw/driver/sd.c:121:6:sdIsDetected	8	static
../src/hw/driver/sd.c:41:6:sdInit	16	static
../src/hw/driver/sd.c:135:12:sdUpdate	16	static
../src/hw/driver/sd.c:207:6:sdGetInfo	56	static
../src/hw/driver/sd.c:234:6:sdIsBusy	8	static
../src/hw/driver/sd.c:250:6:sdIsReady	16	static
../src/hw/driver/sd.c:267:6:sdReadBlocks	16	static
../src/hw/driver/sd.c:466:6:cliSd	536	static
../src/hw/driver/sd.c:310:6:sdWriteBlocks	16	static
../src/hw/driver/sd.c:352:6:sdEraseBlocks	8	static
../src/hw/driver/sd.c:368:6:HAL_SD_AbortCallback	0	static
../src/hw/driver/sd.c:373:6:HAL_SD_RxCpltCallback	0	static
../src/hw/driver/sd.c:378:6:HAL_SD_TxCpltCallback	0	static
../src/hw/driver/sd.c:383:6:HAL_SD_MspInit	48	static
../src/hw/driver/sd.c:429:6:HAL_SD_MspDeInit	8	static
