../src/hw/driver/sdram.c:529:6:cliSdram	32	static
../src/hw/driver/sdram.c:78:6:sdramIsInit	0	static
../src/hw/driver/sdram.c:83:10:sdramGetAddr	0	static
../src/hw/driver/sdram.c:88:10:sdramGetLength	0	static
../src/hw/driver/sdram.c:93:6:sdramTest	0	static
../src/hw/driver/sdram.c:252:6:BSP_SDRAM_Initialization_sequence	40	static
../src/hw/driver/sdram.c:313:9:BSP_SDRAM_Sendcmd	8	static
../src/hw/driver/sdram.c:331:13:BSP_SDRAM_MspInit	80	static
../src/hw/driver/sdram.c:179:9:BSP_SDRAM_Init	16	static
../src/hw/driver/sdram.c:51:6:sdramInit	8	static
../src/hw/driver/sdram.c:457:13:BSP_SDRAM_MspDeInit	8	static
../src/hw/driver/sdram.c:228:9:BSP_SDRAM_DeInit	16	static
